


************************************************************
***     __  __ ____   ____ _                             ***
***    |  \/  |  _ \ / ___| |__   ___ _ __ ___           ***
***    | |\/| | |_) | |   | '_ \ / _ \ '_ ` _ \          ***
***    | |  | |  _ <| |___| | | |  __/ | | | | |         ***
***    |_|  |_|_| \_\\____|_| |_|\___|_| |_| |_|         ***
***                                                      ***
***    VERSION 0.0.1 (rev. 7190a413)                      ***
***                                                      ***
***    Stig Rune Jensen <stig.r.jensen@uit.no>           ***
***    Luca Frediani    <luca.frediani@uit.no>           ***
***    Peter Wind       <peter.wind@uit.no>              ***
***                                                      ***
************************************************************


+++ Serial execution


------------------------------------------------------------

 MRCPP version   : X.Y.Z
 Git revision    : c6c37caa

 Linear algebra  : EIGEN
 Parallelization : NONE

------------------------------------------------------------




============================================================
                  MultiResolution Analysis                  
------------------------------------------------------------
 polynomial order = 6
 polynomial type  = Interpolating
------------------------------------------------------------
 total boxes      = 8
 boxes            = [           2           2           2 ]
 unit lengths     = [    32.00000    32.00000    32.00000 ]
 scaling factor   = [     1.00000     1.00000     1.00000 ]
 lower bounds     = [   -32.00000   -32.00000   -32.00000 ]
 upper bounds     = [    32.00000    32.00000    32.00000 ]
 total length     = [    64.00000    64.00000    64.00000 ]
============================================================


============================================================
                          Molecule
------------------------------------------------------------
 Nr  Element             x             y             z      
------------------------------------------------------------
  1     O           0.00000e+00   0.00000e+00  -1.25000e-01
  2     H          -1.43750e+00   0.00000e+00   1.02500e+00
  3     H           1.43750e+00   0.00000e+00   1.02500e+00
------------------------------------------------------------
 Center of mass:    4.62201e-18   0.00000e+00   3.68310e-03
============================================================


============================================================
                Setting up nuclear potential
------------------------------------------------------------
 Nr  Element         Charge        Precision     Smoothing 
------------------------------------------------------------
  1     O           8.00000e+00   1.00000e-03   5.10129e-04
  2     H           1.00000e+00   1.00000e-03   1.63241e-02
  3     H           1.00000e+00   1.00000e-03   1.63241e-02
------------------------------------------------------------
 Nuclear potential                    1576      8.90134e-01
 Allreduce potential                  1256      3.00865e-02
------------------------------------------------------------
                 Wall time: 9.20285e-01 sec 
============================================================


============================================================
                Setting up Gaussian-type MOs
------------------------------------------------------------
    n  Spin  Occ                           SquareNorm
------------------------------------------------------------
    0    p    2                       1.000000203953468e+00
    1    p    2                       1.000000065236651e+00
    2    p    2                       9.999999991988904e-01
    3    p    2                       1.000000008869738e+00
    4    p    2                       9.999999986945863e-01
------------------------------------------------------------
                 Wall time: 5.09939e+00 sec 
============================================================


============================================================
 OrbitalVector:   5 orbitals     5 occupied    10 electrons
------------------------------------------------------------
   n  RankID           Norm          Spin Occ      Error    
------------------------------------------------------------
   0     0       1.000000203953e+00    p   2    1.00000e+00
   1     0       1.000000065237e+00    p   2    1.00000e+00
   2     0       9.999999991989e-01    p   2    1.00000e+00
   3     0       1.000000008870e+00    p   2    1.00000e+00
   4     0       9.999999986946e-01    p   2    1.00000e+00
============================================================


============================================================
                  Setting up Fock operator
------------------------------------------------------------
 Precision                                      1.00000e-03
------------------------------------------------------------
 Coulomb density                       520      4.58408e-01
 Coulomb potential                     328      2.22844e+00
 XC total density                      520      4.48083e-01
 XC evaluate xcfun                    2600      1.33898e+01
 XC energy                             520      4.75060e-05
 XC potential                          520      7.97466e-02
------------------------------------------------------------
                 Wall time: 1.66610e+01 sec 
============================================================


============================================================
                  Calculating Fock matrix
------------------------------------------------------------
 Kinetic part                         9.193721400000000e-01
 Potential part                       1.791811040000000e+00
------------------------------------------------------------
                 Wall time: 2.71125e+00 sec 
============================================================


============================================================
                    Localizing orbitals
------------------------------------------------------------
 Computing position matrices                    1.90861e+00
 Computing Foster-Boys matrix                   5.43014e-04
 Converged after iteration                               41
 Rotating orbitals                              1.35693e-01
------------------------------------------------------------
                 Wall time: 2.04491e+00 sec 
============================================================


============================================================
                  Setting up Fock operator
------------------------------------------------------------
 Precision                                      1.00000e-03
------------------------------------------------------------
 Coulomb density                       520      4.22235e-01
 Coulomb potential                     328      2.20857e+00
 XC total density                      520      4.24502e-01
 XC evaluate xcfun                    2600      1.33939e+01
 XC energy                             520      5.49130e-05
 XC potential                          520      8.03145e-02
------------------------------------------------------------
                 Wall time: 1.65783e+01 sec 
============================================================


============================================================
                   Calculating SCF energy
------------------------------------------------------------
------------------------------------------------------------
                 Wall time: 1.99935e+00 sec 
============================================================


============================================================
                 Calculating dipole moment
------------------------------------------------------------
------------------------------------------------------------
                 Wall time: 1.78191e+00 sec 
============================================================


============================================================
                        Fock matrix
------------------------------------------------------------
-1.86629e+01  4.81611e-01  4.81611e-01 -9.18478e-01  9.18478e-01
 4.81612e-01 -5.98844e-01 -1.51816e-01  1.58109e-01 -1.58109e-01
 4.81612e-01 -1.51816e-01 -5.98844e-01  1.58109e-01 -1.58109e-01
-9.18480e-01  1.58109e-01  1.58109e-01 -3.94210e-01  1.71618e-01
 9.18480e-01 -1.58109e-01 -1.58109e-01  1.71618e-01 -3.94210e-01
============================================================


============================================================
                      Orbital energies
------------------------------------------------------------
    n  spin  occ                            epsilon  
------------------------------------------------------------
    0    p    2                      -1.878301925704207e+01
    1    p    2                      -8.928006063017863e-01
    2    p    2                      -4.470283316466072e-01
    3    p    2                      -3.036061221586135e-01
    4    p    2                      -2.225919074825441e-01
============================================================


============================================================
                          Molecule
------------------------------------------------------------
 Nr  Element             x             y             z      
------------------------------------------------------------
  1     O           0.00000e+00   0.00000e+00  -1.25000e-01
  2     H          -1.43750e+00   0.00000e+00   1.02500e+00
  3     H           1.43750e+00   0.00000e+00   1.02500e+00
------------------------------------------------------------
 Center of mass:    4.62201e-18   0.00000e+00   3.68310e-03
============================================================


                                                            
============================================================
                         SCF Energy                         
------------------------------------------------------------
                                                            
 Sum orbital energy:                 -4.129809244926322e+01
 Kinetic energy:                      7.584731140320612e+01
 E-N energy:                         -1.987270185278209e+02
 Coulomb energy:                      4.676221777987561e+01
 Exchange energy:                     0.000000000000000e+00
 X-C energy:                         -9.318913803166147e+00
 El. external field energy:           0.000000000000000e+00
 Nuc. external field energy:          0.000000000000000e+00
                                                            
------------------------------------------------------------
                                                            
 Electronic energy:                  -8.543640314790531e+01
 Nuclear energy:                      9.039235444235468e+00
                                                            
------------------------------------------------------------
                                                            
 Total energy       (au)             -7.639716770366984e+01
                    (kJ/mol)         -2.005807347750614e+05
                    (kcal/mol)       -4.793994613883381e+04
                    (eV)             -2.078872747113984e+03
                                                            
============================================================
                                                            

                                                            
============================================================
                         Dipole moment                      
------------------------------------------------------------
                                                            
 Length of vector:   (au)                  7.7928754277e-01
                     (Debye)               1.9807511747e+00
                                                            
-------------------------- Total ---------------------------
                                                            
 [ 7.5414147168e-07, -8.7672785232e-12,  7.7928754277e-01] 
                                                            
------------------------- Nuclear --------------------------
                                                            
 [-6.9650951673e-12, -8.7630596757e-12,  1.0131690432e+00] 
                                                            
------------------------ Electronic ------------------------
                                                            
 [ 7.5414843678e-07, -4.2188474936e-15, -2.3388150041e-01] 
                                                            
============================================================
                                                            



************************************************************
***                                                      ***
***                    Exiting MRChem                    ***
***                                                      ***
***               Wall time: 4.795752e+01                ***
***                                                      ***
************************************************************


