


************************************************************
***     __  __ ____   ____ _                             ***
***    |  \/  |  _ \ / ___| |__   ___ _ __ ___           ***
***    | |\/| | |_) | |   | '_ \ / _ \ '_ ` _ \          ***
***    | |  | |  _ <| |___| | | |  __/ | | | | |         ***
***    |_|  |_|_| \_\\____|_| |_|\___|_| |_| |_|         ***
***                                                      ***
***    VERSION 0.0.1 (rev. b25d783)                      ***
***                                                      ***
***    Stig Rune Jensen <stig.r.jensen@uit.no>           ***
***    Luca Frediani    <luca.frediani@uit.no>           ***
***    Peter Wind       <peter.wind@uit.no>              ***
***                                                      ***
************************************************************


+++ Serial execution


------------------------------------------------------------

 MRCPP version   : X.Y.Z
 Git revision    : bd40f63

 Linear algebra  : EIGEN
 Parallelization : NONE

------------------------------------------------------------




============================================================
                  MultiResolution Analysis                  
------------------------------------------------------------
 polynomial order = 7
 polynomial type  = Interpolating
------------------------------------------------------------
 unit length      = 32.000000
 total boxes      = 8
 boxes            = [           2           2           2 ]
 lower bounds     = [  -32.000000  -32.000000  -32.000000 ]
 upper bounds     = [   32.000000   32.000000   32.000000 ]
 total length     = [   64.000000   64.000000   64.000000 ]
============================================================


============================================================
                          Molecule
------------------------------------------------------------
 Nr  Element             x             y             z      
------------------------------------------------------------
  1     Li          0.00000e+00   0.00000e+00   0.00000e+00
------------------------------------------------------------
 Center of mass:    0.00000e+00   0.00000e+00   0.00000e+00
============================================================


============================================================
                Setting up nuclear potential
------------------------------------------------------------
 Nr  Element         Charge        Precision     Smoothing 
------------------------------------------------------------
  1     Li           3.00000e+00   1.00000e-03   2.61594e-03
============================================================


============================================================
                Setting up nuclear potential
------------------------------------------------------------
 Nr  Element         Charge        Precision     Smoothing 
------------------------------------------------------------
  1     Li           3.00000e+00   1.00000e-03   2.61594e-03
============================================================


============================================================
              Projecting Gaussian-type density
------------------------------------------------------------
 Nr  Element                                 Rho_i
------------------------------------------------------------
  0     Li                            2.999999999958366e+00
------------------------------------------------------------
                 Wall time: 1.84852e+01 sec 
============================================================


============================================================
                  Projecting Hydrogen AOs
------------------------------------------------------------
    N    Atom   Label                     SquareNorm
------------------------------------------------------------
    1    Li1     1s                   1.000001137447882e+00
    2    Li1     2s                   1.000000142358094e+00
    3    Li1     2p                   9.999999977379884e-01
    4    Li1     2p                   9.999999977379886e-01
    5    Li1     2p                   9.999999977379885e-01
    6    Li1     3s                   1.000000669947541e+00
    7    Li1     3p                   9.999999512653948e-01
    8    Li1     3p                   9.999999512653945e-01
    9    Li1     3p                   9.999999512653940e-01
------------------------------------------------------------
                 Wall time: 1.06143e+00 sec 
============================================================


============================================================
                  Setting up Fock operator
------------------------------------------------------------
 Nuclear potential                     904      4.39127e-01
 Coulomb potential                     200      2.02799e+00
 XC evaluate xcfun                    1176      1.86371e+00
 XC energy                             392      5.07090e-05
 XC potential                          784      4.07024e-02
 XC grid size                          392          1409024
 XC grid change                       -384         -1376256
------------------------------------------------------------
                 Wall time: 4.38297e+00 sec 
============================================================


============================================================
                  Diagonalize Fock matrix
------------------------------------------------------------
 Compute Fock matrix                            7.42041e+00
 Diagonalize Fock matrix                        7.50170e-04
 Rotate orbitals                                4.48308e-02
 Compute Fock matrix                            7.44332e+00
 Diagonalize Fock matrix                        4.34243e-04
 Rotate orbitals                                2.54136e-02
------------------------------------------------------------
                 Wall time: 1.49639e+01 sec 
============================================================


============================================================
 OrbitalVector:   3 orbitals     3 occupied     3 electrons
------------------------------------------------------------
   n  RankID           Norm          Spin Occ      Error    
------------------------------------------------------------
   0     0       1.000000000000e+00    a   1    1.00000e+00
   1     0       9.999998982225e-01    a   1    1.00000e+00
   2     0       1.000000000000e+00    b   1    1.00000e+00
============================================================


============================================================
                  Setting up Fock operator
------------------------------------------------------------
 Precision                                      1.00000e-03
------------------------------------------------------------
 Nuclear potential                     904      4.33089e-01
 Coulomb density                       392      4.02719e-01
 Coulomb potential                     200      2.04761e+00
 XC total density                      392      3.98241e-01
 XC evaluate xcfun                     784      9.75980e-01
 XC energy                             392      4.01740e-05
 XC potential                          392      1.41852e-02
 XC grid size                          392          1409024
 XC grid change                       -384         -1376256
------------------------------------------------------------
                 Wall time: 4.27454e+00 sec 
============================================================


============================================================
                  Calculating Fock matrix
------------------------------------------------------------
 Kinetic part                         7.123321860000000e-01
 Potential part                       1.363840455000000e+00
------------------------------------------------------------
                 Wall time: 2.07817e+00 sec 
============================================================


============================================================
                  Digonalizing Fock matrix
------------------------------------------------------------
 Computing Lowdin matrix                        7.44320e-03
 Diagonalizing matrix                           7.60766e-04
------------------------------------------------------------
                 Wall time: 9.98958e-02 sec 
============================================================


============================================================
                  Setting up Fock operator
------------------------------------------------------------
 Precision                                      1.00000e-03
------------------------------------------------------------
 Nuclear potential                     904      4.52586e-01
 Coulomb density                       392      3.95792e-01
 Coulomb potential                     200      2.07850e+00
 XC total density                      392      4.01244e-01
 XC evaluate xcfun                     784      9.95633e-01
 XC energy                             392      3.96240e-05
 XC potential                          392      1.42218e-02
 XC grid size                          392          1409024
 XC grid change                       -384         -1376256
------------------------------------------------------------
                 Wall time: 4.34061e+00 sec 
============================================================


============================================================
                   Calculating SCF energy
------------------------------------------------------------
------------------------------------------------------------
                 Wall time: 1.86417e+00 sec 
============================================================


 XC total density                      392      5.97035e-01
 XC evaluate xcfun                    1176      1.60274e+00
 XC potential                          784      3.81904e-02
 XC grid size                          392          1409024
 XC grid change                       -384         -1376256
============================================================
                  Setting up Fock operator
------------------------------------------------------------
 Precision                                      1.00000e-03
------------------------------------------------------------
 Nuclear potential                     904      6.14279e-01
 Coulomb density                       392      4.27652e-01
 Coulomb potential                     200      2.20220e+00
 XC total density                      392      4.51902e-01
 XC evaluate xcfun                     784      1.03099e+00
 XC energy                             392      3.40750e-05
 XC potential                          392      1.39041e-02
 XC grid size                          392          1409024
 XC grid change                       -384         -1376256
------------------------------------------------------------
                 Wall time: 4.74534e+00 sec 
============================================================


============================================================
               Setting up Helmholtz operators
------------------------------------------------------------
 Creating operator with lambda                 -1.80910e+00
 Creating operator with lambda                 -1.00159e-01
 Creating operator with lambda                 -1.80937e+00
------------------------------------------------------------
                 Wall time: 4.01589e-01 sec 
============================================================




####################### SCF cycle  1 #######################


============================================================
 Current precision                              1.00000e-03
------------------------------------------------------------
 Orbital threshold                              1.00000e-02
 Property threshold                             1.00000e-02
============================================================


============================================================
                  Setting up Fock operator
------------------------------------------------------------
 Precision                                      1.00000e-03
------------------------------------------------------------
 Perturbed Coulomb density               8      2.38759e-04
 Coulomb potential                       8      2.13787e-03
 XC perturbed total density              8      4.72440e-05
------------------------------------------------------------
                 Wall time: 4.86825e-03 sec 
============================================================


============================================================
               Setting up Helmholtz arguments
------------------------------------------------------------
             V_0 phi_1                          2.31560e-05
             F_0 phi_1                          2.12150e-05
 (1 - rho_0) V_1 phi_0                          1.94399e+00
------------------------------------------------------------
                 Wall time: 1.97921e+00 sec 
============================================================


============================================================
                Applying Helmholtz operators
------------------------------------------------------------
 Orb    RealNorm   Nodes     ImagNorm   Nodes     Timing
------------------------------------------------------------
  0    1.31570e-01   328    0.00000e+00     0   4.98892e+00
  1    1.27300e+01   136    0.00000e+00     0   1.59152e+00
  2    1.45365e-01   264    0.00000e+00     0   4.37674e+00
------------------------------------------------------------
                 Wall time: 1.09573e+01 sec 
============================================================


============================================================
               Iterative subspace accelerator
------------------------------------------------------------
 Push back orbitals                             2.08971e-03
 Copy orbitals                                  4.67900e-06
 Copy orbital updates                           1.92251e-02
------------------------------------------------------------
                 Wall time: 2.13850e-02 sec 
============================================================


============================================================
                          Orbitals
------------------------------------------------------------
 Orb    F(i,i)        Error         nNodes  Spin  Occ  Done 
------------------------------------------------------------
  0   1.31570e-01   1.31570e-01        328    a    1    0
  1   1.27300e+01   1.27300e+01        136    a    1    0
  2   1.45365e-01   1.45365e-01        264    b    1    0
------------------------------------------------------------
 Total error:                            1.27315e+01    0
============================================================


============================================================
                    Value                  Update      Done 
------------------------------------------------------------
 Property     -5.773751273192606e+01    -5.77375e+01    0
============================================================


################ Wall time: 1.38460e+01 sec ################




####################### SCF cycle  2 #######################


============================================================
 Current precision                              1.00000e-03
------------------------------------------------------------
 Orbital threshold                              1.00000e-02
 Property threshold                             1.00000e-02
============================================================


============================================================
                  Setting up Fock operator
------------------------------------------------------------
 Precision                                      1.00000e-03
------------------------------------------------------------
 Perturbed Coulomb density             328      4.01242e-01
 Coulomb potential                      72      7.24351e-01
 XC perturbed total density            328      4.05325e-01
------------------------------------------------------------
                 Wall time: 1.53340e+00 sec 
============================================================


============================================================
               Setting up Helmholtz arguments
------------------------------------------------------------
             V_0 phi_1                          1.15624e+00
             F_0 phi_1                          3.24200e-05
 (1 - rho_0) V_1 phi_0                          1.97018e+00
------------------------------------------------------------
                 Wall time: 3.20279e+00 sec 
============================================================


============================================================
                Applying Helmholtz operators
------------------------------------------------------------
 Orb    RealNorm   Nodes     ImagNorm   Nodes     Timing
------------------------------------------------------------
  0    8.94246e-02   328    0.00000e+00     0   5.65935e+00
  1    1.89968e+01   136    0.00000e+00     0   1.80129e+00
  2    1.04113e-01   328    0.00000e+00     0   5.51946e+00
------------------------------------------------------------
                 Wall time: 1.29802e+01 sec 
============================================================


============================================================
               Iterative subspace accelerator
------------------------------------------------------------
 Push back orbitals                             1.33000e-05
 Setup linear system                            7.74826e-02
 Solve linear system                            3.46829e-03
 Expand solution                                7.90151e-02
------------------------------------------------------------
                 Wall time: 1.60108e-01 sec 
============================================================


============================================================
                          Orbitals
------------------------------------------------------------
 Orb    F(i,i)        Error         nNodes  Spin  Occ  Done 
------------------------------------------------------------
  0   5.94462e-02   4.87928e-02        328    a    1    0
  1   2.50426e+01   6.32267e+00        136    a    1    0
  2   7.66664e-02   5.11310e-02        264    b    1    0
------------------------------------------------------------
 Total error:                            6.32306e+00    0
============================================================


============================================================
                    Value                  Update      Done 
------------------------------------------------------------
 Property     -1.152781945533510e+02    -5.75407e+01    0
============================================================


################ Wall time: 1.88302e+01 sec ################




####################### SCF cycle  3 #######################


============================================================
 Current precision                              1.00000e-03
------------------------------------------------------------
 Orbital threshold                              1.00000e-02
 Property threshold                             1.00000e-02
============================================================


============================================================
                  Setting up Fock operator
------------------------------------------------------------
 Precision                                      1.00000e-03
------------------------------------------------------------
 Perturbed Coulomb density             264      4.65109e-01
 Coulomb potential                      72      7.77997e-01
 XC perturbed total density            264      4.60416e-01
------------------------------------------------------------
                 Wall time: 1.70600e+00 sec 
============================================================


============================================================
               Setting up Helmholtz arguments
------------------------------------------------------------
             V_0 phi_1                          1.13238e+00
             F_0 phi_1                          3.12210e-05
 (1 - rho_0) V_1 phi_0                          2.09218e+00
------------------------------------------------------------
                 Wall time: 3.30001e+00 sec 
============================================================


============================================================
                Applying Helmholtz operators
------------------------------------------------------------
 Orb    RealNorm   Nodes     ImagNorm   Nodes     Timing
------------------------------------------------------------
  0    6.76231e-02   328    0.00000e+00     0   5.85402e+00
  1    2.56201e+01   200    0.00000e+00     0   3.06466e+00
  2    8.06645e-02   328    0.00000e+00     0   6.12185e+00
------------------------------------------------------------
                 Wall time: 1.50424e+01 sec 
============================================================


============================================================
               Iterative subspace accelerator
------------------------------------------------------------
 Push back orbitals                             3.56070e-03
 Setup linear system                            1.97149e-01
 Solve linear system                            3.07520e-03
 Expand solution                                1.18602e-01
------------------------------------------------------------
                 Wall time: 3.22496e-01 sec 
============================================================


============================================================
                          Orbitals
------------------------------------------------------------
 Orb    F(i,i)        Error         nNodes  Spin  Occ  Done 
------------------------------------------------------------
  0   1.42337e-01   6.57487e-02        328    a    1    0
  1   2.74454e+01   1.20194e+00        200    a    1    0
  2   1.50870e-01   6.81929e-02        264    b    1    0
------------------------------------------------------------
 Total error:                            1.20567e+00    0
============================================================


============================================================
                    Value                  Update      Done 
------------------------------------------------------------
 Property     -1.271192850868291e+02    -1.18411e+01    0
============================================================


################ Wall time: 2.13621e+01 sec ################


============================================================
                      Convergence rate
------------------------------------------------------------
Iter    OrbError       Property                   Update  
------------------------------------------------------------
  1    1.27315e+01    -5.773751273192606e+01   -5.77375e+01
  2    6.32306e+00    -1.152781945533510e+02   -5.75407e+01
  3    1.20567e+00    -1.271192850868291e+02   -1.18411e+01
------------------------------------------------------------
                   SCF did NOT converge!!!                  
============================================================


============================================================
                        Fock matrix
------------------------------------------------------------
-1.80910e+00  0.00000e+00  0.00000e+00
 0.00000e+00 -1.00159e-01  0.00000e+00
 0.00000e+00  0.00000e+00 -1.80937e+00
============================================================


============================================================
                      Orbital energies
------------------------------------------------------------
    n  spin  occ                            epsilon  
------------------------------------------------------------
    0    a    1                      -1.809369504495493e+00
    1    a    1                      -1.809095093648972e+00
    2    b    1                      -1.001590392468235e-01
============================================================


============================================================
                          Molecule
------------------------------------------------------------
 Nr  Element             x             y             z      
------------------------------------------------------------
  1     Li          0.00000e+00   0.00000e+00   0.00000e+00
------------------------------------------------------------
 Center of mass:    0.00000e+00   0.00000e+00   0.00000e+00
============================================================


                                                            
============================================================
                         SCF Energy                         
------------------------------------------------------------
                                                            
 Sum orbital energy:                 -3.718623637391289e+00
 Kinetic energy:                      7.917399153763608e+00
 E-N energy:                         -1.759957032671866e+01
 Coulomb energy:                      4.104709814495280e+00
 Exchange energy:                     0.000000000000000e+00
 X-C energy:                         -1.709179410368359e+00
 El. External field energy:           0.000000000000000e+00
 Nuc. External field energy:          0.000000000000000e+00
                                                            
------------------------------------------------------------
                                                            
 Electronic energy:                  -7.286640768828127e+00
 Nuclear energy:                      0.000000000000000e+00
                                                            
------------------------------------------------------------
                                                            
 Total energy       (au)             -7.286640768828127e+00
                    (kJ/mol)         -1.913107256963475e+04
                    (kcal/mol)       -4.572436079641089e+03
                    (eV)             -1.982795876816102e+02
                                                            
============================================================
                                                            

                                                            
============================================================
                   Polarizability tensor                    
------------------------------------------------------------
                                                            
 Frequency:       (au)                     0.0000000000e+00
                                                            
 Isotropic average(au)                     0.0000000000e+00
 Isotropic average(SI)       TO BE FIXED                    
                                                            
-------------------------- Tensor --------------------------
                                                            
   0.0000000000e+00    0.0000000000e+00    0.0000000000e+00
   0.0000000000e+00    0.0000000000e+00    0.0000000000e+00
   0.0000000000e+00    0.0000000000e+00    0.0000000000e+00
                                                            
============================================================
                                                            



************************************************************
***                                                      ***
***                    Exiting MRChem                    ***
***                                                      ***
***               Wall time: 1.135070e+02                ***
***                                                      ***
************************************************************


