                                                                      
                                                                      
**********************************************************************
***                                                                ***
***                                                                ***
***          __  __ ____   ____ _                                  ***
***         |  \/  |  _ \ / ___| |__   ___ _ __ ___                ***
***         | |\/| | |_) | |   | '_ \ / _ \ '_ ` _ \               ***
***         | |  | |  _ <| |___| | | |  __/ | | | | |              ***
***         |_|  |_|_| \_\\____|_| |_|\___|_| |_| |_|              ***
***                                                                ***
***         VERSION    0.0.1        (rev.   68df7e4c)              ***
***                                                                ***
***         Stig Rune Jensen   <stig.r.jensen@uit.no>              ***
***         Luca Frediani      <luca.frediani@uit.no>              ***
***         Peter Wind         <peter.wind@uit.no>                 ***
***                                                                ***
**********************************************************************

----------------------------------------------------------------------

 MPI processes         :                                            1
 OpenMP threads        :                                            1
 Total cores           :                                            1
                                                                      
----------------------------------------------------------------------

XCFun DFT library Copyright 2009-2011 Ulf Ekstrom and contributors.
See http://dftlibs.org/xcfun/ for more information.

This is free software; see the source code for copying conditions.
There is ABSOLUTELY NO WARRANTY; not even for MERCHANTABILITY or
FITNESS FOR A PARTICULAR PURPOSE. For details see the documentation.
Scientific users of this library should cite
U. Ekstrom, L. Visscher, R. Bast, A. J. Thorvaldsen and K. Ruud;
J.Chem.Theor.Comp. 2010, DOI: 10.1021/ct100117s

----------------------------------------------------------------------

 MRCPP version         : X.Y.Z
 Git revision          : 316f21ec

 Linear algebra        : EIGEN v3.3.7
 Parallelization       : OpenMP

----------------------------------------------------------------------


                                                                      
======================================================================
                       MultiResolution Analysis
----------------------------------------------------------------------
 polynomial order      : 5
 polynomial type       : Interpolating
----------------------------------------------------------------------
 total boxes           : 8
 boxes                 : [          2           2           2 ]
 unit lengths          : [   16.00000    16.00000    16.00000 ]
 scaling factor        : [    1.00000     1.00000     1.00000 ]
 lower bounds          : [  -16.00000   -16.00000   -16.00000 ]
 upper bounds          : [   16.00000    16.00000    16.00000 ]
 total length          : [   32.00000    32.00000    32.00000 ]
======================================================================


                                                                      
**********************************************************************
***                                                                ***
***                     Initializing Molecule                      ***
***                                                                ***
**********************************************************************
                                                                      
                                                                      
======================================================================
                               Molecule
----------------------------------------------------------------------
 Charge                :                                            0
 Multiplicity          :                                            2
----------------------------------------------------------------------
    N    Atom          :              x              y              z
----------------------------------------------------------------------
    0       H          :       0.000000       0.000000       0.000000
----------------------------------------------------------------------
 Center of mass        :       0.000000       0.000000       0.000000
======================================================================


                                                                      
**********************************************************************
***                                                                ***
***              Computing Initial Guess Wavefunction              ***
***                                                                ***
**********************************************************************
                                                                      
                                                                      
~~~~~~~~~~~~~~~~~~~~~~~~~~~~~~~~~~~~~~~~~~~~~~~~~~~~~~~~~~~~~~~~~~~~~~
 Calculation           : Diagonalize Hamiltonian matrix
 Precision             : 1.00000e-03
 Restricted            : False
 Hamiltonian           : Core
 AO basis              : Hydrogenic orbitals
 Zeta quality          : 2
~~~~~~~~~~~~~~~~~~~~~~~~~~~~~~~~~~~~~~~~~~~~~~~~~~~~~~~~~~~~~~~~~~~~~~


======================================================================
                          Molecular Orbitals
----------------------------------------------------------------------
 Alpha electrons       :                                            1
 Beta electrons        :                                            0
 Total electrons       :                                            1
----------------------------------------------------------------------
    n  Occ Spin        :                                         Norm
----------------------------------------------------------------------
    0    1    a        :                           1.000000000000e+00
======================================================================


                                                                      
**********************************************************************
***                                                                ***
***              Computing Ground State Wavefunction               ***
***                                                                ***
**********************************************************************
                                                                      
                                                                      
~~~~~~~~~~~~~~~~~~~~~~~~~~~~~~~~~~~~~~~~~~~~~~~~~~~~~~~~~~~~~~~~~~~~~~
 Calculation           : Compute initial energy
 Method                : Hartree-Fock
 Precision             : 1.00000e-03
 Localization          : Off
~~~~~~~~~~~~~~~~~~~~~~~~~~~~~~~~~~~~~~~~~~~~~~~~~~~~~~~~~~~~~~~~~~~~~~


======================================================================
                           Molecular Energy
----------------------------------------------------------------------
 Kinetic energy        :           (au)                0.500311619112
 E-N energy            :           (au)               -1.000070309215
 Coulomb energy        :           (au)                0.311687516376
 Exchange energy       :           (au)               -0.312457989753
 X-C energy            :           (au)                0.000000000000
 Ext. field (el)       :           (au)                0.000000000000
 Ext. field (nuc)      :           (au)                0.000000000000
----------------------------------------------------------------------
 Electronic energy     :           (au)               -0.500529163480
 Nuclear energy        :           (au)                0.000000000000
----------------------------------------------------------------------
 Total energy          :           (au)           -5.005291634800e-01
                       :     (kcal/mol)           -3.140867895944e+02
                       :       (kJ/mol)           -1.314139128516e+03
                       :           (eV)           -1.362009179621e+01
======================================================================


~~~~~~~~~~~~~~~~~~~~~~~~~~~~~~~~~~~~~~~~~~~~~~~~~~~~~~~~~~~~~~~~~~~~~~
 Calculation           : Optimize molecular orbitals
 Method                : Hartree-Fock
 Max iterations        : 5
 KAIN solver           : 3
 Localization          : Off
 Diagonalization       : First two iterations
 Start precision       : 1.00000e-03
 Final precision       : 1.00000e-03
 Energy threshold      : 1.00000e-04
 Orbital threshold     : 1.00000e-02
~~~~~~~~~~~~~~~~~~~~~~~~~~~~~~~~~~~~~~~~~~~~~~~~~~~~~~~~~~~~~~~~~~~~~~


======================================================================
 Iter         MO residual                Property              Update
----------------------------------------------------------------------
    0        1.000000e+00         -0.500529163480       -5.005292e-01
    1        1.245956e-02         -0.500784597487       -2.554340e-04
    2        5.666732e-03         -0.500829831771       -4.523428e-05
----------------------------------------------------------------------
                   SCF converged in 2 iterations!
======================================================================


                                                                      
**********************************************************************
***                                                                ***
***                 Printing Molecular Properties                  ***
***                                                                ***
**********************************************************************
                                                                      
                                                                      
======================================================================
                               Molecule
----------------------------------------------------------------------
 Charge                :                                            0
 Multiplicity          :                                            2
----------------------------------------------------------------------
    N    Atom          :              x              y              z
----------------------------------------------------------------------
    0       H          :       0.000000       0.000000       0.000000
----------------------------------------------------------------------
 Center of mass        :       0.000000       0.000000       0.000000
======================================================================


======================================================================
                           Orbital Energies
----------------------------------------------------------------------
    n  Occ Spin        :                                      Epsilon
----------------------------------------------------------------------
    0    1    a        :           (au)               -0.501653204710
----------------------------------------------------------------------
 Sum occupied          :           (au)               -0.501653204710
======================================================================


======================================================================
                           Molecular Energy
----------------------------------------------------------------------
 Kinetic energy        :           (au)                0.500802513762
 E-N energy            :           (au)               -1.000467016693
 Coulomb energy        :           (au)                0.312307167533
 Exchange energy       :           (au)               -0.313130540472
 X-C energy            :           (au)                0.000000000000
 Ext. field (el)       :           (au)               -0.000341955901
 Ext. field (nuc)      :           (au)                0.000000000000
----------------------------------------------------------------------
 Electronic energy     :           (au)               -0.500829831771
 Nuclear energy        :           (au)                0.000000000000
----------------------------------------------------------------------
 Total energy          :           (au)           -5.008298317710e-01
                       :     (kcal/mol)           -3.142754617940e+02
                       :       (kJ/mol)           -1.314928532999e+03
                       :           (eV)           -1.362827339685e+01
======================================================================


======================================================================
                            Dipole Moment
----------------------------------------------------------------------
 r_O                   :       0.000000       0.000000       0.000000
----------------------------------------------------------------------
 Electronic vector     :      -0.000000      -0.000000       0.034196
 Magnitude             :           (au)                      0.034196
                       :        (Debye)                      0.086917
----------------------------------------------------------------------
 Nuclear vector        :       0.000000       0.000000      -0.000000
 Magnitude             :           (au)                      0.000000
                       :        (Debye)                      0.000000
----------------------------------------------------------------------
 Total vector          :       0.000000       0.000000       0.034196
 Magnitude             :           (au)                      0.034196
                       :        (Debye)                      0.086917
======================================================================


                                                                      
                                                                      
**********************************************************************
***                                                                ***
***                         Exiting MRChem                         ***
***                                                                ***
***                    Wall time :  0h  0m  8s                     ***
***                                                                ***
**********************************************************************
                                                                      
                                                                      

Precision is set by energy estimate Z^(5/2)
   est_norm   1.0
   abs_prec   0.0001
   rel_prec   0.001
