                                                                      
                                                                      
**********************************************************************
***                                                                ***
***                                                                ***
***          __  __ ____   ____ _                                  ***
***         |  \/  |  _ \ / ___| |__   ___ _ __ ___                ***
***         | |\/| | |_) | |   | '_ \ / _ \ '_ ` _ \               ***
***         | |  | |  _ <| |___| | | |  __/ | | | | |              ***
***         |_|  |_|_| \_\\____|_| |_|\___|_| |_| |_|              ***
***                                                                ***
***         VERSION    0.0.1        (rev.   68df7e4c)              ***
***                                                                ***
***         Stig Rune Jensen   <stig.r.jensen@uit.no>              ***
***         Luca Frediani      <luca.frediani@uit.no>              ***
***         Peter Wind         <peter.wind@uit.no>                 ***
***                                                                ***
**********************************************************************

----------------------------------------------------------------------

 MPI processes         :                                            1
 OpenMP threads        :                                            1
 Total cores           :                                            1
                                                                      
----------------------------------------------------------------------

XCFun DFT library Copyright 2009-2011 Ulf Ekstrom and contributors.
See http://dftlibs.org/xcfun/ for more information.

This is free software; see the source code for copying conditions.
There is ABSOLUTELY NO WARRANTY; not even for MERCHANTABILITY or
FITNESS FOR A PARTICULAR PURPOSE. For details see the documentation.
Scientific users of this library should cite
U. Ekstrom, L. Visscher, R. Bast, A. J. Thorvaldsen and K. Ruud;
J.Chem.Theor.Comp. 2010, DOI: 10.1021/ct100117s

----------------------------------------------------------------------

 MRCPP version         : X.Y.Z
 Git revision          : 316f21ec

 Linear algebra        : EIGEN v3.3.7
 Parallelization       : OpenMP

----------------------------------------------------------------------


                                                                      
======================================================================
                       MultiResolution Analysis
----------------------------------------------------------------------
 polynomial order      : 7
 polynomial type       : Legendre
----------------------------------------------------------------------
 total boxes           : 8
 boxes                 : [          2           2           2 ]
 unit lengths          : [   16.00000    16.00000    16.00000 ]
 scaling factor        : [    1.00000     1.00000     1.00000 ]
 lower bounds          : [  -16.00000   -16.00000   -16.00000 ]
 upper bounds          : [   16.00000    16.00000    16.00000 ]
 total length          : [   32.00000    32.00000    32.00000 ]
======================================================================


                                                                      
**********************************************************************
***                                                                ***
***                     Initializing Molecule                      ***
***                                                                ***
**********************************************************************
                                                                      
                                                                      
======================================================================
                               Molecule
----------------------------------------------------------------------
 Charge                :                                            0
 Multiplicity          :                                            1
----------------------------------------------------------------------
    N    Atom          :              x              y              z
----------------------------------------------------------------------
    0       H          :       0.000000       0.000000      -0.700000
    1       H          :       0.000000       0.000000       0.700000
----------------------------------------------------------------------
 Center of mass        :       0.000000       0.000000      -0.000000
======================================================================


                                                                      
**********************************************************************
***                                                                ***
***              Computing Initial Guess Wavefunction              ***
***                                                                ***
**********************************************************************
                                                                      
                                                                      
~~~~~~~~~~~~~~~~~~~~~~~~~~~~~~~~~~~~~~~~~~~~~~~~~~~~~~~~~~~~~~~~~~~~~~
 Calculation           : Diagonalize Hamiltonian matrix
 Precision             : 1.00000e-03
 Restricted            : True
 Hamiltonian           : Superposition of Atomic Densities (SAD)
 Functional            : LDA (SWVN5)
 AO basis              : Hydrogenic orbitals
 Zeta quality          : 2
~~~~~~~~~~~~~~~~~~~~~~~~~~~~~~~~~~~~~~~~~~~~~~~~~~~~~~~~~~~~~~~~~~~~~~


======================================================================
                          Molecular Orbitals
----------------------------------------------------------------------
 Alpha electrons       :                                            1
 Beta electrons        :                                            1
 Total electrons       :                                            2
----------------------------------------------------------------------
    n  Occ Spin        :                                         Norm
----------------------------------------------------------------------
    0    2    p        :                           9.999998867959e-01
======================================================================


                                                                      
**********************************************************************
***                                                                ***
***              Computing Ground State Wavefunction               ***
***                                                                ***
**********************************************************************
                                                                      
                                                                      
~~~~~~~~~~~~~~~~~~~~~~~~~~~~~~~~~~~~~~~~~~~~~~~~~~~~~~~~~~~~~~~~~~~~~~
 Calculation           : Compute initial energy
 Method                : Hartree-Fock
 Precision             : 1.00000e-03
 Localization          : Off
~~~~~~~~~~~~~~~~~~~~~~~~~~~~~~~~~~~~~~~~~~~~~~~~~~~~~~~~~~~~~~~~~~~~~~


======================================================================
                           Molecular Energy
----------------------------------------------------------------------
 Kinetic energy        :           (au)                0.887101649591
 E-N energy            :           (au)               -3.289210351294
 Coulomb energy        :           (au)                1.178799428203
 Exchange energy       :           (au)               -0.589401251812
 X-C energy            :           (au)                0.000000000000
 Ext. field (el)       :           (au)                0.000000000000
 Ext. field (nuc)      :           (au)                0.000000000000
----------------------------------------------------------------------
 Electronic energy     :           (au)               -1.812710525312
 Nuclear energy        :           (au)                0.714285714286
----------------------------------------------------------------------
 Total energy          :           (au)           -1.098424811026e+00
                       :     (kcal/mol)           -6.892719699035e+02
                       :       (kJ/mol)           -2.883913923948e+03
                       :           (eV)           -2.988966048131e+01
======================================================================


~~~~~~~~~~~~~~~~~~~~~~~~~~~~~~~~~~~~~~~~~~~~~~~~~~~~~~~~~~~~~~~~~~~~~~
 Calculation           : Optimize molecular orbitals
 Method                : Hartree-Fock
 Max iterations        : 5
 KAIN solver           : 3
 Localization          : Off
 Diagonalization       : First two iterations
 Start precision       : 1.00000e-03
 Final precision       : 1.00000e-03
 Energy threshold      : Off
 Orbital threshold     : 1.00000e-02
~~~~~~~~~~~~~~~~~~~~~~~~~~~~~~~~~~~~~~~~~~~~~~~~~~~~~~~~~~~~~~~~~~~~~~


======================================================================
 Iter         MO residual                Property              Update
----------------------------------------------------------------------
    0        1.000000e+00         -1.098424811026       -1.098425e+00
    1        8.091941e-02         -1.129611984934       -3.118717e-02
    2        2.765741e-02         -1.133576859187       -3.964874e-03
    3        8.810222e-03         -1.133996597232       -4.197380e-04
----------------------------------------------------------------------
                   SCF converged in 3 iterations!
======================================================================


~~~~~~~~~~~~~~~~~~~~~~~~~~~~~~~~~~~~~~~~~~~~~~~~~~~~~~~~~~~~~~~~~~~~~~
 Calculation           : Optimize energy (kinetic free)
 Method                : Hartree-Fock
 Max iterations        : 5
 KAIN solver           : Off
 Localization          : Off
 Diagonalization       : Every iteration
 Start precision       : 1.00000e-03
 Final precision       : 1.00000e-03
 Energy threshold      : 1.00000e-03
 Orbital threshold     : Off
~~~~~~~~~~~~~~~~~~~~~~~~~~~~~~~~~~~~~~~~~~~~~~~~~~~~~~~~~~~~~~~~~~~~~~


======================================================================
 Iter         MO residual                Property              Update
----------------------------------------------------------------------
    0        1.000000e+00         -1.133996597232       -1.133997e+00
    1        3.166700e-03         -1.133930331749        6.626548e-05
    2        9.485379e-04         -1.133920503107        9.828642e-06
----------------------------------------------------------------------
                   SCF converged in 2 iterations!
======================================================================


                                                                      
**********************************************************************
***                                                                ***
***                 Printing Molecular Properties                  ***
***                                                                ***
**********************************************************************
                                                                      
                                                                      
======================================================================
                               Molecule
----------------------------------------------------------------------
 Charge                :                                            0
 Multiplicity          :                                            1
----------------------------------------------------------------------
    N    Atom          :              x              y              z
----------------------------------------------------------------------
    0       H          :       0.000000       0.000000      -0.700000
    1       H          :       0.000000       0.000000       0.700000
----------------------------------------------------------------------
 Center of mass        :       0.000000       0.000000      -0.000000
======================================================================


======================================================================
                           Orbital Energies
----------------------------------------------------------------------
    n  Occ Spin        :                                      Epsilon
----------------------------------------------------------------------
    0    2    p        :           (au)               -0.594904718180
----------------------------------------------------------------------
 Sum occupied          :           (au)               -1.189809436360
======================================================================


======================================================================
                           Molecular Energy
----------------------------------------------------------------------
 Kinetic energy        :           (au)                1.127641086981
 E-N energy            :           (au)               -3.634244085406
 Coulomb energy        :           (au)                1.317228885890
 Exchange energy       :           (au)               -0.658832104857
 X-C energy            :           (au)                0.000000000000
 Ext. field (el)       :           (au)                0.000000000000
 Ext. field (nuc)      :           (au)                0.000000000000
----------------------------------------------------------------------
 Electronic energy     :           (au)               -1.848206217393
 Nuclear energy        :           (au)                0.714285714286
----------------------------------------------------------------------
 Total energy          :           (au)           -1.133920503107e+00
                       :     (kcal/mol)           -7.115458527928e+02
                       :       (kJ/mol)           -2.977107850017e+03
                       :           (eV)           -3.085554742613e+01
======================================================================


======================================================================
                            Dipole Moment
----------------------------------------------------------------------
 r_O                   :       0.000000       0.000000       0.000000
----------------------------------------------------------------------
 Electronic vector     :      -0.000000      -0.000000       0.000048
 Magnitude             :           (au)                      0.000048
                       :        (Debye)                      0.000123
----------------------------------------------------------------------
 Nuclear vector        :      -0.000000      -0.000000      -0.000000
 Magnitude             :           (au)                      0.000000
                       :        (Debye)                      0.000000
----------------------------------------------------------------------
 Total vector          :      -0.000000      -0.000000       0.000048
 Magnitude             :           (au)                      0.000048
                       :        (Debye)                      0.000123
======================================================================


                                                                      
                                                                      
**********************************************************************
***                                                                ***
***                         Exiting MRChem                         ***
***                                                                ***
***                    Wall time :  0h  0m 30s                     ***
***                                                                ***
**********************************************************************
                                                                      
                                                                      
